[2025-06-26 00:21:36,396: INFO: main: welcome to our custom log]
[2025-06-26 09:05:24,800: INFO: main: welcome to our custom log]
[2025-06-26 09:29:45,139: INFO: main: welcome to our custom log]
[2025-06-26 11:33:16,594: INFO: main: welcome to our custom log]
[2025-06-26 16:44:04,373: INFO: common: yaml file: config\config.yaml loaded successfully]
[2025-06-26 16:44:04,392: INFO: common: yaml file: params.yaml loaded successfully]
[2025-06-26 16:44:04,396: INFO: common: created directory at: artifacts]
[2025-06-26 16:44:04,399: INFO: common: created directory at: artifacts/data_ingestion]
[2025-06-26 16:44:04,402: INFO: 986331348: Downloading data from https://drive.google.com/file/d/1dkE79W8XToiv0IesetUyDNmTUQLehSla/view?usp=sharing into file artifacts/data_ingestion/data.zip]
[2025-06-26 16:48:31,237: INFO: 986331348: Downloaded data from https://drive.google.com/file/d/1dkE79W8XToiv0IesetUyDNmTUQLehSla/view?usp=sharing into file artifacts/data_ingestion/data.zip]
[2025-06-26 17:47:40,962: INFO: main: >>>>>> stage Data Ingestion stage started <<<<<<]
[2025-06-26 17:47:40,970: INFO: common: yaml file: config\config.yaml loaded successfully]
[2025-06-26 17:47:40,977: INFO: common: yaml file: params.yaml loaded successfully]
[2025-06-26 17:47:40,980: INFO: common: created directory at: artifacts]
[2025-06-26 17:47:40,982: INFO: common: created directory at: artifacts/data_ingestion]
[2025-06-26 17:47:40,985: INFO: data_ingestion: Downloading data from https://drive.google.com/file/d/1dkE79W8XToiv0IesetUyDNmTUQLehSla/view?usp=sharing into file artifacts/data_ingestion/data.zip]
[2025-06-26 17:51:50,171: INFO: data_ingestion: Downloaded data from https://drive.google.com/file/d/1dkE79W8XToiv0IesetUyDNmTUQLehSla/view?usp=sharing into file artifacts/data_ingestion/data.zip]
[2025-06-26 17:52:19,764: INFO: main: >>>>>> stage Data Ingestion stage completed <<<<<<

x==========x]
[2025-06-26 20:20:12,910: INFO: common: yaml file: config\config.yaml loaded successfully]
[2025-06-26 20:20:12,922: INFO: common: yaml file: params.yaml loaded successfully]
[2025-06-26 20:20:12,924: INFO: common: created directory at: artifacts]
[2025-06-26 20:20:12,926: INFO: common: created directory at: artifacts/prepare_base_model]
[2025-06-26 20:20:32,601: WARNING: saving_utils: Compiled the loaded model, but the compiled metrics have yet to be built. `model.compile_metrics` will be empty until you train or evaluate the model.]
[2025-06-26 20:33:27,521: INFO: main: >>>>>> stage Data Ingestion stage started <<<<<<]
[2025-06-26 20:33:27,522: INFO: common: yaml file: config\config.yaml loaded successfully]
[2025-06-26 20:33:27,524: INFO: common: yaml file: params.yaml loaded successfully]
[2025-06-26 20:33:27,524: INFO: common: created directory at: artifacts]
[2025-06-26 20:33:27,525: INFO: common: created directory at: artifacts/data_ingestion]
[2025-06-26 20:33:27,526: INFO: data_ingestion: Downloading data from https://drive.google.com/file/d/1dkE79W8XToiv0IesetUyDNmTUQLehSla/view?usp=sharing into file artifacts/data_ingestion/data.zip]
[2025-06-26 20:38:18,156: INFO: data_ingestion: Downloaded data from https://drive.google.com/file/d/1dkE79W8XToiv0IesetUyDNmTUQLehSla/view?usp=sharing into file artifacts/data_ingestion/data.zip]
[2025-06-26 20:38:28,509: INFO: main: >>>>>> stage Data Ingestion stage completed <<<<<<

x==========x]
[2025-06-26 20:38:28,510: INFO: main: *******************]
[2025-06-26 20:38:28,510: INFO: main: >>>>>> stage Prepare base model started <<<<<<]
[2025-06-26 20:38:28,511: INFO: common: yaml file: config\config.yaml loaded successfully]
[2025-06-26 20:38:28,512: INFO: common: yaml file: params.yaml loaded successfully]
[2025-06-26 20:38:28,513: INFO: common: created directory at: artifacts]
[2025-06-26 20:38:28,513: INFO: common: created directory at: artifacts/prepare_base_model]
[2025-06-26 20:38:29,100: WARNING: saving_utils: Compiled the loaded model, but the compiled metrics have yet to be built. `model.compile_metrics` will be empty until you train or evaluate the model.]
[2025-06-26 20:38:29,349: INFO: main: >>>>>> stage Prepare base model completed <<<<<<

x==========x]
[2025-06-28 22:26:25,260: INFO: common: yaml file: config\config.yaml loaded successfully]
[2025-06-28 22:26:25,287: INFO: common: yaml file: params.yaml loaded successfully]
[2025-06-28 22:26:25,292: INFO: common: created directory at: artifacts]
[2025-06-28 22:26:25,297: INFO: common: created directory at: artifacts\training]
[2025-06-28 22:28:53,278: INFO: common: yaml file: config\config.yaml loaded successfully]
[2025-06-28 22:28:53,281: INFO: common: yaml file: params.yaml loaded successfully]
[2025-06-28 22:28:53,283: INFO: common: created directory at: artifacts]
[2025-06-28 22:28:53,285: INFO: common: created directory at: artifacts\training]
[2025-06-28 22:29:57,366: INFO: common: yaml file: config\config.yaml loaded successfully]
[2025-06-28 22:29:57,385: INFO: common: yaml file: params.yaml loaded successfully]
[2025-06-28 22:29:57,388: INFO: common: created directory at: artifacts]
[2025-06-28 22:29:57,392: INFO: common: created directory at: artifacts\training]
[2025-06-28 23:00:58,290: INFO: main: >>>>>> stage Data Ingestion stage started <<<<<<]
[2025-06-28 23:00:58,297: INFO: common: yaml file: config\config.yaml loaded successfully]
[2025-06-28 23:00:58,299: INFO: common: yaml file: params.yaml loaded successfully]
[2025-06-28 23:00:58,301: INFO: common: created directory at: artifacts]
[2025-06-28 23:00:58,302: INFO: common: created directory at: artifacts/data_ingestion]
[2025-06-28 23:00:58,303: INFO: data_ingestion: Downloading data from https://drive.google.com/file/d/1dkE79W8XToiv0IesetUyDNmTUQLehSla/view?usp=sharing into file artifacts/data_ingestion/data.zip]
[2025-06-28 23:09:58,902: INFO: data_ingestion: Downloaded data from https://drive.google.com/file/d/1dkE79W8XToiv0IesetUyDNmTUQLehSla/view?usp=sharing into file artifacts/data_ingestion/data.zip]
[2025-06-28 23:10:35,952: INFO: main: >>>>>> stage Data Ingestion stage completed <<<<<<

x==========x]
[2025-06-28 23:10:35,953: INFO: main: *******************]
[2025-06-28 23:10:35,954: INFO: main: >>>>>> stage Prepare base model started <<<<<<]
[2025-06-28 23:10:35,958: INFO: common: yaml file: config\config.yaml loaded successfully]
[2025-06-28 23:10:35,964: INFO: common: yaml file: params.yaml loaded successfully]
[2025-06-28 23:10:35,966: INFO: common: created directory at: artifacts]
[2025-06-28 23:10:35,968: INFO: common: created directory at: artifacts/prepare_base_model]
[2025-06-28 23:10:37,562: WARNING: saving_utils: Compiled the loaded model, but the compiled metrics have yet to be built. `model.compile_metrics` will be empty until you train or evaluate the model.]
[2025-06-28 23:10:38,125: INFO: main: >>>>>> stage Prepare base model completed <<<<<<

x==========x]
[2025-06-28 23:10:38,127: INFO: main: *******************]
[2025-06-28 23:10:38,128: INFO: main: >>>>>> stage Training started <<<<<<]
[2025-06-28 23:10:38,133: INFO: common: yaml file: config\config.yaml loaded successfully]
[2025-06-28 23:10:38,138: INFO: common: yaml file: params.yaml loaded successfully]
[2025-06-28 23:10:38,139: INFO: common: created directory at: artifacts]
[2025-06-28 23:10:38,141: INFO: common: created directory at: artifacts\training]
[2025-06-28 23:50:16,530: INFO: main: >>>>>> stage Training completed <<<<<<

x==========x]
[2025-07-07 20:53:04,895: INFO: common: yaml file: config\config.yaml loaded successfully]
[2025-07-07 20:53:04,901: INFO: common: yaml file: params.yaml loaded successfully]
[2025-07-07 20:53:04,904: INFO: common: created directory at: artifacts]
[2025-07-07 21:03:12,008: INFO: common: json file saved at: scores.json]
[2025-07-07 21:03:21,238: WARNING: save: Found untraced functions such as _jit_compiled_convolution_op, _jit_compiled_convolution_op, _jit_compiled_convolution_op, _jit_compiled_convolution_op, _jit_compiled_convolution_op while saving (showing 5 of 14). These functions will not be directly callable after loading.]
[2025-07-07 21:03:23,487: INFO: builder_impl: Assets written to: C:\Users\DELL\AppData\Local\Temp\tmp3scibm19\model\data\model\assets]
[2025-07-07 21:31:36,627: INFO: main: >>>>>> stage Data Ingestion stage started <<<<<<]
[2025-07-07 21:31:36,632: INFO: common: yaml file: config\config.yaml loaded successfully]
[2025-07-07 21:31:36,635: INFO: common: yaml file: params.yaml loaded successfully]
[2025-07-07 21:31:36,636: INFO: common: created directory at: artifacts]
[2025-07-07 21:31:36,637: INFO: common: created directory at: artifacts/data_ingestion]
[2025-07-07 21:31:36,638: INFO: data_ingestion: Downloading data from https://drive.google.com/file/d/1dkE79W8XToiv0IesetUyDNmTUQLehSla/view?usp=sharing into file artifacts/data_ingestion/data.zip]
[2025-07-07 21:37:55,200: INFO: data_ingestion: Downloaded data from https://drive.google.com/file/d/1dkE79W8XToiv0IesetUyDNmTUQLehSla/view?usp=sharing into file artifacts/data_ingestion/data.zip]
[2025-07-07 21:38:10,047: INFO: main: >>>>>> stage Data Ingestion stage completed <<<<<<

x==========x]
[2025-07-07 21:38:10,048: INFO: main: *******************]
[2025-07-07 21:38:10,048: INFO: main: >>>>>> stage Prepare base model started <<<<<<]
[2025-07-07 21:38:10,052: INFO: common: yaml file: config\config.yaml loaded successfully]
[2025-07-07 21:38:10,054: INFO: common: yaml file: params.yaml loaded successfully]
[2025-07-07 21:38:10,056: INFO: common: created directory at: artifacts]
[2025-07-07 21:38:10,056: INFO: common: created directory at: artifacts/prepare_base_model]
[2025-07-07 21:38:10,811: WARNING: saving_utils: Compiled the loaded model, but the compiled metrics have yet to be built. `model.compile_metrics` will be empty until you train or evaluate the model.]
[2025-07-07 21:38:11,142: INFO: main: >>>>>> stage Prepare base model completed <<<<<<

x==========x]
[2025-07-07 21:38:11,143: INFO: main: *******************]
[2025-07-07 21:38:11,143: INFO: main: >>>>>> stage Training started <<<<<<]
[2025-07-07 21:38:11,145: INFO: common: yaml file: config\config.yaml loaded successfully]
[2025-07-07 21:38:11,147: INFO: common: yaml file: params.yaml loaded successfully]
[2025-07-07 21:38:11,148: INFO: common: created directory at: artifacts]
[2025-07-07 21:38:11,149: INFO: common: created directory at: artifacts\training]
[2025-07-07 21:38:11,766: ERROR: main: [WinError 3] The system cannot find the path specified: 'artifacts\\data_ingestion\\kidney-ct-scan-image']
Traceback (most recent call last):
  File "C:\kidney-tumor\main.py", line 35, in <module>
    model_trainer.main()
  File "c:\kidney-tumor\src\cnnClassifier\pipeline\stage_03_model_training.py", line 20, in main
    training.train_valid_generator()
  File "c:\kidney-tumor\src\cnnClassifier\components\model_training.py", line 37, in train_valid_generator
    self.valid_generator = valid_datagenerator.flow_from_directory(
  File "C:\kidney-tumor\.venv\lib\site-packages\keras\preprocessing\image.py", line 1648, in flow_from_directory
    return DirectoryIterator(
  File "C:\kidney-tumor\.venv\lib\site-packages\keras\preprocessing\image.py", line 563, in __init__
    for subdir in sorted(os.listdir(directory)):
FileNotFoundError: [WinError 3] The system cannot find the path specified: 'artifacts\\data_ingestion\\kidney-ct-scan-image'
[2025-07-07 22:13:56,748: INFO: main: >>>>>> stage Data Ingestion stage started <<<<<<]
[2025-07-07 22:13:56,754: INFO: common: yaml file: config\config.yaml loaded successfully]
[2025-07-07 22:13:56,758: INFO: common: yaml file: params.yaml loaded successfully]
[2025-07-07 22:13:56,767: INFO: common: created directory at: artifacts]
[2025-07-07 22:13:56,780: INFO: common: created directory at: artifacts/data_ingestion]
[2025-07-07 22:13:56,781: INFO: data_ingestion: Downloading data from https://drive.google.com/file/d/1dkE79W8XToiv0IesetUyDNmTUQLehSla/view?usp=sharing into file artifacts/data_ingestion/data.zip]
[2025-07-07 22:30:14,563: ERROR: main: ('Connection broken: IncompleteRead(721103531 bytes read, 219271975 more expected)', IncompleteRead(721103531 bytes read, 219271975 more expected))]
Traceback (most recent call last):
  File "C:\kidney-tumor\.venv\lib\site-packages\urllib3\response.py", line 779, in _error_catcher
    yield
  File "C:\kidney-tumor\.venv\lib\site-packages\urllib3\response.py", line 925, in _raw_read
    raise IncompleteRead(self._fp_bytes_read, self.length_remaining)
urllib3.exceptions.IncompleteRead: IncompleteRead(721103531 bytes read, 219271975 more expected)

The above exception was the direct cause of the following exception:

Traceback (most recent call last):
  File "C:\kidney-tumor\.venv\lib\site-packages\requests\models.py", line 820, in generate
    yield from self.raw.stream(chunk_size, decode_content=True)
  File "C:\kidney-tumor\.venv\lib\site-packages\urllib3\response.py", line 1091, in stream
    data = self.read(amt=amt, decode_content=decode_content)
  File "C:\kidney-tumor\.venv\lib\site-packages\urllib3\response.py", line 1008, in read
    data = self._raw_read(amt)
  File "C:\kidney-tumor\.venv\lib\site-packages\urllib3\response.py", line 903, in _raw_read
    with self._error_catcher():
  File "C:\Users\DELL\AppData\Local\Programs\Python\Python310\lib\contextlib.py", line 153, in __exit__
    self.gen.throw(typ, value, traceback)
  File "C:\kidney-tumor\.venv\lib\site-packages\urllib3\response.py", line 803, in _error_catcher
    raise ProtocolError(arg, e) from e
urllib3.exceptions.ProtocolError: ('Connection broken: IncompleteRead(721103531 bytes read, 219271975 more expected)', IncompleteRead(721103531 bytes read, 219271975 more expected))

During handling of the above exception, another exception occurred:

Traceback (most recent call last):
  File "C:\kidney-tumor\main.py", line 11, in <module>
    obj.main()
  File "c:\kidney-tumor\src\cnnClassifier\pipeline\stage_01_data_ingestion.py", line 15, in main
    data_ingestion.download_file()
  File "c:\kidney-tumor\src\cnnClassifier\components\data_ingestion.py", line 33, in download_file
    raise e
  File "c:\kidney-tumor\src\cnnClassifier\components\data_ingestion.py", line 28, in download_file
    gdown.download(prefix+file_id,zip_download_dir)
  File "C:\kidney-tumor\.venv\lib\site-packages\gdown\download.py", line 368, in download
    for chunk in res.iter_content(chunk_size=CHUNK_SIZE):
  File "C:\kidney-tumor\.venv\lib\site-packages\requests\models.py", line 822, in generate
    raise ChunkedEncodingError(e)
requests.exceptions.ChunkedEncodingError: ('Connection broken: IncompleteRead(721103531 bytes read, 219271975 more expected)', IncompleteRead(721103531 bytes read, 219271975 more expected))
[2025-07-07 22:31:26,603: INFO: main: >>>>>> stage Data Ingestion stage started <<<<<<]
[2025-07-07 22:31:26,606: INFO: common: yaml file: config\config.yaml loaded successfully]
[2025-07-07 22:31:26,608: INFO: common: yaml file: params.yaml loaded successfully]
[2025-07-07 22:31:26,609: INFO: common: created directory at: artifacts]
[2025-07-07 22:31:26,609: INFO: common: created directory at: artifacts/data_ingestion]
[2025-07-07 22:31:26,611: INFO: data_ingestion: Downloading data from https://drive.google.com/file/d/1dkE79W8XToiv0IesetUyDNmTUQLehSla/view?usp=sharing into file artifacts/data_ingestion/data.zip]
[2025-07-07 22:36:44,012: INFO: data_ingestion: Downloaded data from https://drive.google.com/file/d/1dkE79W8XToiv0IesetUyDNmTUQLehSla/view?usp=sharing into file artifacts/data_ingestion/data.zip]
[2025-07-07 22:37:18,381: INFO: main: >>>>>> stage Data Ingestion stage completed <<<<<<

x==========x]
[2025-07-07 22:37:18,381: INFO: main: *******************]
[2025-07-07 22:37:18,382: INFO: main: >>>>>> stage Prepare base model started <<<<<<]
[2025-07-07 22:37:18,387: INFO: common: yaml file: config\config.yaml loaded successfully]
[2025-07-07 22:37:18,397: INFO: common: yaml file: params.yaml loaded successfully]
[2025-07-07 22:37:18,400: INFO: common: created directory at: artifacts]
[2025-07-07 22:37:18,403: INFO: common: created directory at: artifacts/prepare_base_model]
[2025-07-07 22:37:19,957: WARNING: saving_utils: Compiled the loaded model, but the compiled metrics have yet to be built. `model.compile_metrics` will be empty until you train or evaluate the model.]
[2025-07-07 22:37:20,951: INFO: main: >>>>>> stage Prepare base model completed <<<<<<

x==========x]
[2025-07-07 22:37:20,952: INFO: main: *******************]
[2025-07-07 22:37:20,953: INFO: main: >>>>>> stage Training started <<<<<<]
[2025-07-07 22:37:20,957: INFO: common: yaml file: config\config.yaml loaded successfully]
[2025-07-07 22:37:20,966: INFO: common: yaml file: params.yaml loaded successfully]
[2025-07-07 22:37:20,969: INFO: common: created directory at: artifacts]
[2025-07-07 22:37:20,970: INFO: common: created directory at: artifacts\training]
